[JavaClass java.util.ArrayList]
[JavaClass java.util.ArrayList]
[JavaClass java.lang.String]
java.lang.ClassNotFoundException: java.lang.String
[JavaClass java.util.ArrayList]
[JavaClass java.util.ArrayList]
[JavaClass java.lang.String]
[JavaPackage java.lang.String]
[JavaClass jdk.nashorn.javaadapters.java.util.ArrayList]
[JavaClass jdk.nashorn.javaadapters.java.util.ArrayList]
[JavaClass jdk.nashorn.javaadapters.java.io.File]
TypeError: Java.extend needs Java types as its arguments. in <eval> at line number 1
java.lang.NullPointerException
java.lang.ClassNotFoundException: java.lang.NullPointerException
java.lang.NullPointerException: library can't be null
java.lang.NullPointerException: library can't be null
