[red=0, green=255, blue=255]
undefined
[red=1, green=255, blue=255]
undefined
[red=2, green=255, blue=255]
undefined
[red=3, green=255, blue=255]
undefined
[red=4, green=255, blue=255]
undefined
[red=5, green=255, blue=255]
undefined
[red=6, green=255, blue=255]
undefined
[red=7, green=255, blue=255]
undefined
[red=8, green=255, blue=255]
undefined
[red=9, green=255, blue=255]
undefined
[red=10, green=255, blue=255]
undefined
[red=11, green=255, blue=255]
undefined
[red=12, green=255, blue=255]
undefined
[red=13, green=255, blue=255]
undefined
[red=14, green=255, blue=255]
undefined
[red=15, green=255, blue=255]
undefined
Swapping out call
[red=0, green=255, blue=255]
undefined
[red=1, green=255, blue=255]
undefined
[red=2, green=255, blue=255]
undefined
[red=3, green=255, blue=255]
undefined
[red=4, green=255, blue=255]
undefined
[red=5, green=255, blue=255]
undefined
[red=6, green=255, blue=255]
undefined
[red=7, green=255, blue=255]
undefined
[red=8, green=255, blue=255]
undefined
[red=9, green=255, blue=255]
undefined
[red=10, green=255, blue=255]
undefined
[red=11, green=255, blue=255]
undefined
[red=12, green=255, blue=255]
undefined
[red=13, green=255, blue=255]
undefined
[red=14, green=255, blue=255]
undefined
[red=15, green=255, blue=255]
undefined
All done!
