[
  {
    "endPosition": "11",
    "kind": "ARRAY_LITERAL",
    "elements": [],
    "startPosition": "9"
  },
  {
    "endPosition": "36",
    "kind": "ARRAY_LITERAL",
    "elements": [
      {
        "endPosition": "23",
        "kind": "NUMBER_LITERAL",
        "value": "1",
        "startPosition": "22"
      },
      {
        "endPosition": "27",
        "kind": "NUMBER_LITERAL",
        "value": "43",
        "startPosition": "25"
      },
      {
        "endPosition": "30",
        "kind": "NUMBER_LITERAL",
        "value": "5",
        "startPosition": "29"
      },
      {
        "endPosition": "34",
        "kind": "NUMBER_LITERAL",
        "value": "45",
        "startPosition": "32"
      }
    ],
    "startPosition": "21"
  },
  {
    "endPosition": "54",
    "kind": "ARRAY_LITERAL",
    "elements": [
      {
        "endPosition": "49",
        "kind": "NUMBER_LITERAL",
        "value": "34",
        "startPosition": "47"
      },
      null,
      null,
      {
        "endPosition": "53",
        "kind": "NUMBER_LITERAL",
        "value": "4",
        "startPosition": "52"
      }
    ],
    "startPosition": "46"
  },
  {
    "endPosition": "89",
    "kind": "ARRAY_LITERAL",
    "elements": [
      {
        "endPosition": "68",
        "kind": "OBJECT_LITERAL",
        "startPosition": "66",
        "properties": []
      },
      {
        "endPosition": "78",
        "kind": "OBJECT_LITERAL",
        "startPosition": "70",
        "properties": [
          {
            "getter": "null",
            "endPosition": "76",
            "kind": "PROPERTY",
            "setter": "null",
            "value": {
              "endPosition": "76",
              "kind": "NUMBER_LITERAL",
              "value": "3",
              "startPosition": "75"
            },
            "startPosition": "72",
            "key": {
              "endPosition": "73",
              "kind": "IDENTIFIER",
              "name": "x",
              "startPosition": "72"
            }
          }
        ]
      },
      {
        "endPosition": "86",
        "kind": "STRING_LITERAL",
        "value": "hello",
        "startPosition": "81"
      }
    ],
    "startPosition": "64"
  }
]
