[
  {
    "expression": {
      "endPosition": "29",
      "kind": "NUMBER_LITERAL",
      "value": "1",
      "startPosition": "28"
    },
    "endPosition": "30",
    "kind": "RETURN",
    "startPosition": "21"
  },
  {
    "expression": {
      "endPosition": "72",
      "kind": "FUNCTION_EXPRESSION",
      "name": "null",
      "body": {
        "endPosition": "91",
        "kind": "BLOCK",
        "statements": [
          {
            "expression": {
              "endPosition": "91",
              "kind": "OBJECT_LITERAL",
              "startPosition": "89",
              "properties": []
            },
            "endPosition": "91",
            "kind": "RETURN",
            "startPosition": "82"
          }
        ],
        "startPosition": "72"
      },
      "strict": "false",
      "startPosition": "72",
      "parameters": []
    },
    "endPosition": "97",
    "kind": "RETURN",
    "startPosition": "53"
  },
  {
    "expression": "null",
    "endPosition": "144",
    "kind": "RETURN",
    "startPosition": "137"
  },
  {
    "expression": "null",
    "endPosition": "161",
    "kind": "RETURN",
    "startPosition": "155"
  },
  {
    "expression": "null",
    "endPosition": "213",
    "kind": "RETURN",
    "startPosition": "207"
  }
]
