<p>Create a new <code>function</code>.</p>

<p>Use the backtick in MySQL syntax <code>SELECT `column` FROM whatever</code>.</p>

<p>A single backtick in a code span: <code>`</code></p>

<p>A backtick-delimited string in a code span: <code>`foo`</code></p>

<p>Please don't use any <code>&lt;blink&gt;</code> tags.</p>

<p><code>&amp;#8212;</code> is the decimal-encoded equivalent of <code>&amp;mdash;</code>.</p>
