{
    "type": "Program",
    "body": [
        {
            "type": "ExpressionStatement",
            "expression": {
                "type": "AssignmentExpression",
                "operator": "=",
                "left": {
                    "type": "Identifier",
                    "name": "xyz"
                },
                "right": {
                    "type": "Literal",
                    "value": 314
                }
            }
        }
    ]
}
{
    "type": "Program",
    "body": [
        {
            "type": "ExpressionStatement",
            "expression": {
                "type": "AssignmentExpression",
                "operator": "+=",
                "left": {
                    "type": "Identifier",
                    "name": "xyz"
                },
                "right": {
                    "type": "Literal",
                    "value": 314
                }
            }
        }
    ]
}
{
    "type": "Program",
    "body": [
        {
            "type": "ExpressionStatement",
            "expression": {
                "type": "AssignmentExpression",
                "operator": "-=",
                "left": {
                    "type": "Identifier",
                    "name": "xyz"
                },
                "right": {
                    "type": "Literal",
                    "value": 314
                }
            }
        }
    ]
}
{
    "type": "Program",
    "body": [
        {
            "type": "ExpressionStatement",
            "expression": {
                "type": "AssignmentExpression",
                "operator": "*=",
                "left": {
                    "type": "Identifier",
                    "name": "xyz"
                },
                "right": {
                    "type": "Literal",
                    "value": 314
                }
            }
        }
    ]
}
{
    "type": "Program",
    "body": [
        {
            "type": "ExpressionStatement",
            "expression": {
                "type": "AssignmentExpression",
                "operator": "/=",
                "left": {
                    "type": "Identifier",
                    "name": "xyz"
                },
                "right": {
                    "type": "Literal",
                    "value": 314
                }
            }
        }
    ]
}
{
    "type": "Program",
    "body": [
        {
            "type": "ExpressionStatement",
            "expression": {
                "type": "AssignmentExpression",
                "operator": "%=",
                "left": {
                    "type": "Identifier",
                    "name": "xyz"
                },
                "right": {
                    "type": "Literal",
                    "value": 314
                }
            }
        }
    ]
}
{
    "type": "Program",
    "body": [
        {
            "type": "ExpressionStatement",
            "expression": {
                "type": "AssignmentExpression",
                "operator": "<<=",
                "left": {
                    "type": "Identifier",
                    "name": "xyz"
                },
                "right": {
                    "type": "Literal",
                    "value": 314
                }
            }
        }
    ]
}
{
    "type": "Program",
    "body": [
        {
            "type": "ExpressionStatement",
            "expression": {
                "type": "AssignmentExpression",
                "operator": ">>=",
                "left": {
                    "type": "Identifier",
                    "name": "xyz"
                },
                "right": {
                    "type": "Literal",
                    "value": 314
                }
            }
        }
    ]
}
{
    "type": "Program",
    "body": [
        {
            "type": "ExpressionStatement",
            "expression": {
                "type": "AssignmentExpression",
                "operator": ">>>=",
                "left": {
                    "type": "Identifier",
                    "name": "xyz"
                },
                "right": {
                    "type": "Literal",
                    "value": 314
                }
            }
        }
    ]
}
{
    "type": "Program",
    "body": [
        {
            "type": "ExpressionStatement",
            "expression": {
                "type": "AssignmentExpression",
                "operator": "&=",
                "left": {
                    "type": "Identifier",
                    "name": "xyz"
                },
                "right": {
                    "type": "Literal",
                    "value": 314
                }
            }
        }
    ]
}
{
    "type": "Program",
    "body": [
        {
            "type": "ExpressionStatement",
            "expression": {
                "type": "AssignmentExpression",
                "operator": "^=",
                "left": {
                    "type": "Identifier",
                    "name": "xyz"
                },
                "right": {
                    "type": "Literal",
                    "value": 314
                }
            }
        }
    ]
}
{
    "type": "Program",
    "body": [
        {
            "type": "ExpressionStatement",
            "expression": {
                "type": "AssignmentExpression",
                "operator": "|=",
                "left": {
                    "type": "Identifier",
                    "name": "xyz"
                },
                "right": {
                    "type": "Literal",
                    "value": 314
                }
            }
        }
    ]
}
