{
    "type": "Program",
    "body": [
        {
            "type": "ExpressionStatement",
            "expression": {
                "type": "BinaryExpression",
                "operator": "*",
                "left": {
                    "type": "Identifier",
                    "name": "a"
                },
                "right": {
                    "type": "Identifier",
                    "name": "b"
                }
            }
        }
    ]
}
{
    "type": "Program",
    "body": [
        {
            "type": "ExpressionStatement",
            "expression": {
                "type": "BinaryExpression",
                "operator": "/",
                "left": {
                    "type": "Identifier",
                    "name": "a"
                },
                "right": {
                    "type": "Identifier",
                    "name": "b"
                }
            }
        }
    ]
}
{
    "type": "Program",
    "body": [
        {
            "type": "ExpressionStatement",
            "expression": {
                "type": "BinaryExpression",
                "operator": "%",
                "left": {
                    "type": "Identifier",
                    "name": "a"
                },
                "right": {
                    "type": "Identifier",
                    "name": "b"
                }
            }
        }
    ]
}
{
    "type": "Program",
    "body": [
        {
            "type": "ExpressionStatement",
            "expression": {
                "type": "BinaryExpression",
                "operator": "+",
                "left": {
                    "type": "Identifier",
                    "name": "a"
                },
                "right": {
                    "type": "Identifier",
                    "name": "b"
                }
            }
        }
    ]
}
{
    "type": "Program",
    "body": [
        {
            "type": "ExpressionStatement",
            "expression": {
                "type": "BinaryExpression",
                "operator": "-",
                "left": {
                    "type": "Identifier",
                    "name": "a"
                },
                "right": {
                    "type": "Identifier",
                    "name": "b"
                }
            }
        }
    ]
}
{
    "type": "Program",
    "body": [
        {
            "type": "ExpressionStatement",
            "expression": {
                "type": "BinaryExpression",
                "operator": "<<",
                "left": {
                    "type": "Identifier",
                    "name": "a"
                },
                "right": {
                    "type": "Identifier",
                    "name": "b"
                }
            }
        }
    ]
}
{
    "type": "Program",
    "body": [
        {
            "type": "ExpressionStatement",
            "expression": {
                "type": "BinaryExpression",
                "operator": ">>",
                "left": {
                    "type": "Identifier",
                    "name": "a"
                },
                "right": {
                    "type": "Identifier",
                    "name": "b"
                }
            }
        }
    ]
}
{
    "type": "Program",
    "body": [
        {
            "type": "ExpressionStatement",
            "expression": {
                "type": "BinaryExpression",
                "operator": ">>>",
                "left": {
                    "type": "Identifier",
                    "name": "a"
                },
                "right": {
                    "type": "Identifier",
                    "name": "b"
                }
            }
        }
    ]
}
{
    "type": "Program",
    "body": [
        {
            "type": "ExpressionStatement",
            "expression": {
                "type": "BinaryExpression",
                "operator": "<",
                "left": {
                    "type": "Identifier",
                    "name": "a"
                },
                "right": {
                    "type": "Identifier",
                    "name": "b"
                }
            }
        }
    ]
}
{
    "type": "Program",
    "body": [
        {
            "type": "ExpressionStatement",
            "expression": {
                "type": "BinaryExpression",
                "operator": ">",
                "left": {
                    "type": "Identifier",
                    "name": "a"
                },
                "right": {
                    "type": "Identifier",
                    "name": "b"
                }
            }
        }
    ]
}
{
    "type": "Program",
    "body": [
        {
            "type": "ExpressionStatement",
            "expression": {
                "type": "BinaryExpression",
                "operator": "<=",
                "left": {
                    "type": "Identifier",
                    "name": "a"
                },
                "right": {
                    "type": "Identifier",
                    "name": "b"
                }
            }
        }
    ]
}
{
    "type": "Program",
    "body": [
        {
            "type": "ExpressionStatement",
            "expression": {
                "type": "BinaryExpression",
                "operator": ">=",
                "left": {
                    "type": "Identifier",
                    "name": "a"
                },
                "right": {
                    "type": "Identifier",
                    "name": "b"
                }
            }
        }
    ]
}
{
    "type": "Program",
    "body": [
        {
            "type": "ExpressionStatement",
            "expression": {
                "type": "BinaryExpression",
                "operator": "instanceof",
                "left": {
                    "type": "Identifier",
                    "name": "a"
                },
                "right": {
                    "type": "Identifier",
                    "name": "b"
                }
            }
        }
    ]
}
{
    "type": "Program",
    "body": [
        {
            "type": "ExpressionStatement",
            "expression": {
                "type": "BinaryExpression",
                "operator": "==",
                "left": {
                    "type": "Identifier",
                    "name": "a"
                },
                "right": {
                    "type": "Identifier",
                    "name": "b"
                }
            }
        }
    ]
}
{
    "type": "Program",
    "body": [
        {
            "type": "ExpressionStatement",
            "expression": {
                "type": "BinaryExpression",
                "operator": "!=",
                "left": {
                    "type": "Identifier",
                    "name": "a"
                },
                "right": {
                    "type": "Identifier",
                    "name": "b"
                }
            }
        }
    ]
}
{
    "type": "Program",
    "body": [
        {
            "type": "ExpressionStatement",
            "expression": {
                "type": "BinaryExpression",
                "operator": "===",
                "left": {
                    "type": "Identifier",
                    "name": "a"
                },
                "right": {
                    "type": "Identifier",
                    "name": "b"
                }
            }
        }
    ]
}
{
    "type": "Program",
    "body": [
        {
            "type": "ExpressionStatement",
            "expression": {
                "type": "BinaryExpression",
                "operator": "!==",
                "left": {
                    "type": "Identifier",
                    "name": "a"
                },
                "right": {
                    "type": "Identifier",
                    "name": "b"
                }
            }
        }
    ]
}
{
    "type": "Program",
    "body": [
        {
            "type": "ExpressionStatement",
            "expression": {
                "type": "BinaryExpression",
                "operator": "&",
                "left": {
                    "type": "Identifier",
                    "name": "a"
                },
                "right": {
                    "type": "Identifier",
                    "name": "b"
                }
            }
        }
    ]
}
{
    "type": "Program",
    "body": [
        {
            "type": "ExpressionStatement",
            "expression": {
                "type": "BinaryExpression",
                "operator": "^",
                "left": {
                    "type": "Identifier",
                    "name": "a"
                },
                "right": {
                    "type": "Identifier",
                    "name": "b"
                }
            }
        }
    ]
}
{
    "type": "Program",
    "body": [
        {
            "type": "ExpressionStatement",
            "expression": {
                "type": "BinaryExpression",
                "operator": "|",
                "left": {
                    "type": "Identifier",
                    "name": "a"
                },
                "right": {
                    "type": "Identifier",
                    "name": "b"
                }
            }
        }
    ]
}
{
    "type": "Program",
    "body": [
        {
            "type": "ExpressionStatement",
            "expression": {
                "type": "LogicalExpression",
                "operator": "&&",
                "left": {
                    "type": "Identifier",
                    "name": "a"
                },
                "right": {
                    "type": "Identifier",
                    "name": "b"
                }
            }
        }
    ]
}
{
    "type": "Program",
    "body": [
        {
            "type": "ExpressionStatement",
            "expression": {
                "type": "LogicalExpression",
                "operator": "||",
                "left": {
                    "type": "Identifier",
                    "name": "a"
                },
                "right": {
                    "type": "Identifier",
                    "name": "b"
                }
            }
        }
    ]
}
