{
    "type": "Program",
    "body": [
        {
            "type": "FunctionDeclaration",
            "id": {
                "type": "Identifier",
                "name": "hello"
            },
            "params": [],
            "defaults": [],
            "rest": null,
            "body": {
                "type": "BlockStatement",
                "body": [
                    {
                        "type": "ExpressionStatement",
                        "expression": {
                            "type": "CallExpression",
                            "callee": {
                                "type": "Identifier",
                                "name": "print"
                            },
                            "arguments": [
                                {
                                    "type": "Literal",
                                    "value": "hello"
                                }
                            ]
                        }
                    }
                ]
            },
            "generator": false,
            "expression": false
        }
    ]
}
{
    "type": "Program",
    "body": [
        {
            "type": "FunctionDeclaration",
            "id": {
                "type": "Identifier",
                "name": "hello"
            },
            "params": [
                {
                    "type": "Identifier",
                    "name": "a"
                }
            ],
            "defaults": [],
            "rest": null,
            "body": {
                "type": "BlockStatement",
                "body": [
                    {
                        "type": "ExpressionStatement",
                        "expression": {
                            "type": "CallExpression",
                            "callee": {
                                "type": "Identifier",
                                "name": "print"
                            },
                            "arguments": [
                                {
                                    "type": "Identifier",
                                    "name": "a"
                                }
                            ]
                        }
                    }
                ]
            },
            "generator": false,
            "expression": false
        }
    ]
}
{
    "type": "Program",
    "body": [
        {
            "type": "FunctionDeclaration",
            "id": {
                "type": "Identifier",
                "name": "hello"
            },
            "params": [
                {
                    "type": "Identifier",
                    "name": "a"
                },
                {
                    "type": "Identifier",
                    "name": "b"
                }
            ],
            "defaults": [],
            "rest": null,
            "body": {
                "type": "BlockStatement",
                "body": [
                    {
                        "type": "ExpressionStatement",
                        "expression": {
                            "type": "CallExpression",
                            "callee": {
                                "type": "Identifier",
                                "name": "print"
                            },
                            "arguments": [
                                {
                                    "type": "Identifier",
                                    "name": "a"
                                },
                                {
                                    "type": "Identifier",
                                    "name": "b"
                                }
                            ]
                        }
                    }
                ]
            },
            "generator": false,
            "expression": false
        }
    ]
}
{
    "type": "Program",
    "body": [
        {
            "type": "VariableDeclaration",
            "declarations": [
                {
                    "type": "VariableDeclarator",
                    "id": {
                        "type": "Identifier",
                        "name": "hello"
                    },
                    "init": {
                        "type": "FunctionExpression",
                        "id": null,
                        "params": [],
                        "defaults": [],
                        "rest": null,
                        "body": {
                            "type": "BlockStatement",
                            "body": [
                                {
                                    "type": "ExpressionStatement",
                                    "expression": {
                                        "type": "CallExpression",
                                        "callee": {
                                            "type": "Identifier",
                                            "name": "print"
                                        },
                                        "arguments": [
                                            {
                                                "type": "Literal",
                                                "value": "hello"
                                            }
                                        ]
                                    }
                                }
                            ]
                        },
                        "generator": false,
                        "expression": false
                    }
                }
            ]
        }
    ]
}
{
    "type": "Program",
    "body": [
        {
            "type": "VariableDeclaration",
            "declarations": [
                {
                    "type": "VariableDeclarator",
                    "id": {
                        "type": "Identifier",
                        "name": "hello"
                    },
                    "init": {
                        "type": "FunctionExpression",
                        "id": {
                            "type": "Identifier",
                            "name": "hello"
                        },
                        "params": [],
                        "defaults": [],
                        "rest": null,
                        "body": {
                            "type": "BlockStatement",
                            "body": [
                                {
                                    "type": "ExpressionStatement",
                                    "expression": {
                                        "type": "CallExpression",
                                        "callee": {
                                            "type": "Identifier",
                                            "name": "print"
                                        },
                                        "arguments": [
                                            {
                                                "type": "Literal",
                                                "value": "hello"
                                            }
                                        ]
                                    }
                                }
                            ]
                        },
                        "generator": false,
                        "expression": false
                    }
                }
            ]
        }
    ]
}
{
    "type": "Program",
    "body": [
        {
            "type": "ExpressionStatement",
            "expression": {
                "type": "FunctionExpression",
                "id": null,
                "params": [],
                "defaults": [],
                "rest": null,
                "body": {
                    "type": "BlockStatement",
                    "body": []
                },
                "generator": false,
                "expression": false
            }
        }
    ]
}
{
    "type": "Program",
    "body": [
        {
            "type": "FunctionDeclaration",
            "id": {
                "type": "Identifier",
                "name": "test"
            },
            "params": [],
            "defaults": [],
            "rest": null,
            "body": {
                "type": "BlockStatement",
                "body": [
                    {
                        "type": "ExpressionStatement",
                        "expression": {
                            "type": "Literal",
                            "value": "use strict"
                        }
                    }
                ]
            },
            "generator": false,
            "expression": false
        }
    ]
}
