{
    "type": "Program",
    "body": [
        {
            "type": "VariableDeclaration",
            "declarations": [
                {
                    "type": "VariableDeclarator",
                    "id": {
                        "type": "Identifier",
                        "name": "a"
                    },
                    "init": null
                }
            ]
        }
    ]
}
{
    "type": "Program",
    "body": [
        {
            "type": "VariableDeclaration",
            "declarations": [
                {
                    "type": "VariableDeclarator",
                    "id": {
                        "type": "Identifier",
                        "name": "a"
                    },
                    "init": null
                }
            ]
        },
        {
            "type": "VariableDeclaration",
            "declarations": [
                {
                    "type": "VariableDeclarator",
                    "id": {
                        "type": "Identifier",
                        "name": "b"
                    },
                    "init": null
                }
            ]
        }
    ]
}
{
    "type": "Program",
    "body": [
        {
            "type": "VariableDeclaration",
            "declarations": [
                {
                    "type": "VariableDeclarator",
                    "id": {
                        "type": "Identifier",
                        "name": "a"
                    },
                    "init": {
                        "type": "Literal",
                        "value": "hello"
                    }
                }
            ]
        }
    ]
}
{
    "type": "Program",
    "body": [
        {
            "type": "VariableDeclaration",
            "declarations": [
                {
                    "type": "VariableDeclarator",
                    "id": {
                        "type": "Identifier",
                        "name": "a"
                    },
                    "init": {
                        "type": "Literal",
                        "value": 1
                    }
                }
            ]
        },
        {
            "type": "VariableDeclaration",
            "declarations": [
                {
                    "type": "VariableDeclarator",
                    "id": {
                        "type": "Identifier",
                        "name": "b"
                    },
                    "init": {
                        "type": "Literal",
                        "value": 2
                    }
                }
            ]
        },
        {
            "type": "VariableDeclaration",
            "declarations": [
                {
                    "type": "VariableDeclarator",
                    "id": {
                        "type": "Identifier",
                        "name": "c"
                    },
                    "init": {
                        "type": "Literal",
                        "value": 3
                    }
                }
            ]
        }
    ]
}
