in visitArrayAccess this eval
in visitArrayLiteral
2
3
22
in visitAssignment x 33
in visitBinary PLUS 3, 4
in visitBinary MINUS 3, 4
in visitBinary MULTIPLY 3, 4
in visitBinary DIVIDE 3, 4
in visitBinary REMAINDER 3, 4
in visitBinary RIGHT_SHIFT 3, 4
in visitBinary UNSIGNED_RIGHT_SHIFT 3, 4
in visitBinary LEFT_SHIFT 3, 4
in visitBinary LESS_THAN 3, 4
in visitBinary LESS_THAN_EQUAL 3, 4
in visitBinary GREATER_THAN 3, 4
in visitBinary GREATER_THAN_EQUAL 3, 4
in visitBinary IN 3, undefined
in visitBinary EQUAL_TO 3, 3
in visitBinary NOT_EQUAL_TO 3, 2
in visitBinary STRICT_EQUAL_TO 3, 2
in visitBinary STRICT_NOT_EQUAL_TO 3, 2
in visitBinary AND 3, 2
in visitBinary OR 3, 2
in visitBinary XOR 3, 2
in visitBinary CONDITIONAL_AND 3, 2
in visitBinary CONDITIONAL_OR 3, 2
in visitBinary COMMA 3, 2
in visitBlock
in visitBreak
in visitCompoundAssignment MULTIPLY_ASSIGNMENT x 3
in visitCompoundAssignment DIVIDE_ASSIGNMENT x 3
in visitCompoundAssignment REMAINDER_ASSIGNMENT x 3
in visitCompoundAssignment PLUS_ASSIGNMENT x 3
in visitCompoundAssignment MINUS_ASSIGNMENT x 3
in visitCompoundAssignment LEFT_SHIFT_ASSIGNMENT x 3
in visitCompoundAssignment RIGHT_SHIFT_ASSIGNMENT x 3
in visitCompoundAssignment UNSIGNED_RIGHT_SHIFT_ASSIGNMENT x 3
in visitCompoundAssignment AND_ASSIGNMENT x 3
in visitCompoundAssignment XOR_ASSIGNMENT x 3
in visitCompoundAssignment OR_ASSIGNMENT x 3
in visitConditionalExpression
in visitContinue
in visitDebugger
in visitDoWhileLoop
in visitEmptyStatement
in visitExpressionStatement
in visitForInLoop
in visitForLoop
in visitFunctionCall func
in visitFunctionDeclaration func
in visitFunctionExpression
in visitIdentifier this
in visitIf
in visitInstanceOf
in visitLabeledStatement
in visitLiteral BOOLEAN_LITERAL true
in visitLiteral NUMBER_LITERAL 3.14
in visitLiteral STRING_LITERAL hello
in visitLiteral NULL_LITERAL null
in visitMemberSelect foo
in visitNew
in visitObjectLiteral
in visitProperty foo
in visitRegExpLiteral [a-b] i
in visitReturn 33
in visitSwitch
in visitCase
in visitCase (default)
in visitThrow 2
in visitTry
in visitCatch e
in visitUnary POSTFIX_INCREMENT x
in visitUnary POSTFIX_DECREMENT x
in visitUnary PREFIX_INCREMENT x
in visitUnary PREFIX_DECREMENT x
in visitUnary UNARY_PLUS x
in visitUnary UNARY_MINUS x
in visitUnary BITWISE_COMPLEMENT x
in visitUnary LOGICAL_COMPLEMENT x
in visitUnary DELETE x
in visitUnary TYPEOF x
in visitUnary VOID x
in visitVariable x = 34
in visitWhileLoop
in visitWith
