Compiling 'box2d'...
Done.
Compiling 'code-load'...
Done.
Compiling 'crypto'...
Done.
Compiling 'deltablue'...
Done.
Compiling 'earley-boyer'...
Done.
Compiling 'gbemu'... (2 files)
Done.
Compiling 'mandreel'...
Done.
Compiling 'navier-stokes'...
Done.
Compiling 'pdfjs'...
Done.
Compiling 'raytrace'...
Done.
Compiling 'regexp'...
Done.
Compiling 'richards'...
Done.
Compiling 'splay'...
Done.
Compiling 'typescript'... (3 files)
Done.
Compiling 'zlib'... (2 files)
Done.
