OuterClass[value=apple]
InnerStaticClass[value=orange]
InnerNonStaticClass[value=pear, outer=OuterClass[value=apple]]
OuterClass[value=red]
InnerStaticClass[value=green]
InnerNonStaticClass[value=blue, outer=OuterClass[value=red]]
OuterClass[value=sweet]
InnerStaticClass[value=sour]
InnerNonStaticClass[value=bitter, outer=OuterClass[value=sweet]]
