java.awt.Color[r=255,g=0,b=255]
[jdk.internal.dynalink.beans.SimpleDynamicMethod Color java.awt.Color.java.awt.Color(int,int,int)]
java.awt.Color[r=33,g=233,b=2]
TypeError: null is not a function
TypeError: null is not a function
TypeError: null is not a function
TypeError: Constructor [jdk.internal.dynalink.beans.SimpleDynamicMethod Color java.awt.Color.java.awt.Color(int,int,int)] requires "new".
TypeError: null is not a function
TypeError: null is not a function
java.lang.InstantiationException: java.io.InputStream
