[JavaPackage java.net]
[JavaClass java.net.URL]
[JavaClass java.net.URL]
[JavaClass java.net.URL]
[JavaClass java.io.InputStream]
[JavaPackage java.io]
[JavaClass java.io.InputStream]
[JavaClass java.io.InputStream]
[JavaClass java.util.Vector]
[JavaClass java.util.Hashtable]
[JavaClass java.io.PrintStream]
