1 object
[object Object] object
hello object
1 object
[object Object] object
hello object
1 object
[object Object] object
hello object
1 object
[object Object] object
hello object
1 object
[object Object] object
hello object
1 object
[object Object] object
hello object
1 object
[object Object] object
hello object
1 object
[object Object] object
hello object
1 object
1 object
1 object
[object Object] object
[object Object] object
[object Object] object
hello object
hello object
hello object
1 object
1 object
1 object
[object Object] object
[object Object] object
[object Object] object
hello object
hello object
hello object
1 object
1 object
1 object
[object Object] object
[object Object] object
[object Object] object
hello object
hello object
hello object
1 object
1 object
1 object
[object Object] object
[object Object] object
[object Object] object
hello object
hello object
hello object
1 object
1 object
1 object
[object Object] object
[object Object] object
[object Object] object
hello object
hello object
hello object
1 object
1 object
1 object
[object Object] object
[object Object] object
[object Object] object
hello object
hello object
hello object
1 object
1 object
1 object
[object Object] object
[object Object] object
[object Object] object
hello object
hello object
hello object
1 object
1 object
1 object
[object Object] object
[object Object] object
[object Object] object
hello object
hello object
hello object
