TypeError: Can not create new object with constructor [jdk.dynalink.beans.SimpleDynamicMethod java.io.File(String,String)] with the passed arguments; they do not match any of its method signatures.
TypeError: Can not create new object with constructor [jdk.dynalink.beans.SimpleDynamicMethod java.awt.Color(int,int,int)] with the passed arguments; they do not match any of its method signatures.
