1 2 undefined
1 2 3
1 2 3
1 2 undefined
1 2 3
1 2 3
1 2 undefined
1 2 3
1 2 3
1 2 undefined
1 2 3
1 2 3
1 2 undefined
1 2 3
1 2 3
23 apa gorilla
23 apa gorilla
23 apa gorilla
23 apa gorilla
23 apa gorilla
23 apa gorilla
TypeError: Function.prototype.apply expects an Array for second argument
TypeError: Function.prototype.apply expects an Array for second argument
TypeError: Function.prototype.apply expects an Array for second argument
