{ configurable: false, enumerable: true, writable: false, value = h }
{ configurable: false, enumerable: true, writable: false, value = e }
{ configurable: false, enumerable: true, writable: false, value = l }
{ configurable: false, enumerable: true, writable: false, value = l }
{ configurable: false, enumerable: true, writable: false, value = o }
