ReferenceError: "1" can not be used as the left-hand side of assignment
ReferenceError: "1" can not be used as the left-hand side of assignment
ReferenceError: "1" can not be used as the left-hand side of assignment
ReferenceError: "1" can not be used as the left-hand side of assignment
ReferenceError: "0" can not be used as the left-hand side of assignment
ReferenceError: "0" can not be used as the left-hand side of assignment
ReferenceError: "0" can not be used as the left-hand side of assignment
ReferenceError: "0" can not be used as the left-hand side of assignment
ReferenceError: "3.14" can not be used as the left-hand side of assignment
ReferenceError: "3.14" can not be used as the left-hand side of assignment
ReferenceError: "3.14" can not be used as the left-hand side of assignment
ReferenceError: "3.14" can not be used as the left-hand side of assignment
ReferenceError: "true" can not be used as the left-hand side of assignment
ReferenceError: "true" can not be used as the left-hand side of assignment
ReferenceError: "true" can not be used as the left-hand side of assignment
ReferenceError: "true" can not be used as the left-hand side of assignment
ReferenceError: "false" can not be used as the left-hand side of assignment
ReferenceError: "false" can not be used as the left-hand side of assignment
ReferenceError: "false" can not be used as the left-hand side of assignment
ReferenceError: "false" can not be used as the left-hand side of assignment
ReferenceError: "null" can not be used as the left-hand side of assignment
ReferenceError: "null" can not be used as the left-hand side of assignment
ReferenceError: "null" can not be used as the left-hand side of assignment
ReferenceError: "null" can not be used as the left-hand side of assignment
