local int multiplication by local int: int
local int division by local int without remainder: int
local int division by local int with remainder: double
local int modulo by local int: int
local int addition local int: int
local int substraction local int: int
max value multiplication by max value: double
infinity multiplication by infinity: double
-1 division by infinity: double
infinity division by zero: double
infinity division by String: double
local undefined division by local undefined: double
local undefined multiplication by local undefined: double
local undefined addition local int: double
local undefined decrement postfix: double
local undefined decrement prefix: double
local int increment postfix: int
local int increment prefix: int
local int decrement postfix: int
local int decrement prefix: int
local int unary plus: int
local int unary minus: int
undefined multiplication by undefined: double
undefined division by undefined: double
global int addition global int: int
global int substraction global int: int
global int multiplication by global int: int
global int increment postfix: int
global int increment prefix: int
global int decrement postfix: int
global int decrement prefix: int
global int unary plus: int
global int unary minus: int
global undefined decrement postfix: double
global undefined decrement prefix: double
object: object
object division by object: double
object division by object: double