java.security.AccessControlException: access denied ("java.lang.RuntimePermission" "nashorn.JavaReflection")
java.security.AccessControlException: access denied ("java.lang.RuntimePermission" "nashorn.JavaReflection")
java.security.AccessControlException: access denied ("java.lang.RuntimePermission" "nashorn.JavaReflection")
