java.lang.RuntimeException: test/nashorn/script/basic/es6/destructuring.js#35:6<eval>:1:4 ES6 destructuring is not yet implemented
var { x: y } = obj;
    ^
java.lang.RuntimeException: test/nashorn/script/basic/es6/destructuring.js#35:6<eval>:1:4 ES6 destructuring is not yet implemented
let { x: y } = obj;
    ^
java.lang.RuntimeException: test/nashorn/script/basic/es6/destructuring.js#35:6<eval>:1:6 ES6 destructuring is not yet implemented
const { x: y } = obj;
      ^
java.lang.RuntimeException: test/nashorn/script/basic/es6/destructuring.js#35:6<eval>:1:1 ES6 destructuring is not yet implemented
({ x: y }) = obj;
 ^
java.lang.RuntimeException: test/nashorn/script/basic/es6/destructuring.js#35:6<eval>:1:0 ES6 destructuring is not yet implemented
for (var { x: y } of obj) ;
^
java.lang.RuntimeException: test/nashorn/script/basic/es6/destructuring.js#35:6<eval>:1:0 ES6 destructuring is not yet implemented
for (let { x: y } of obj) ;
^
java.lang.RuntimeException: test/nashorn/script/basic/es6/destructuring.js#35:6<eval>:1:4 ES6 destructuring is not yet implemented
var { x, y } = obj;
    ^
java.lang.RuntimeException: test/nashorn/script/basic/es6/destructuring.js#35:6<eval>:1:4 ES6 destructuring is not yet implemented
let { x, y } = obj;
    ^
java.lang.RuntimeException: test/nashorn/script/basic/es6/destructuring.js#35:6<eval>:1:6 ES6 destructuring is not yet implemented
const { x, y } = obj;
      ^
java.lang.RuntimeException: test/nashorn/script/basic/es6/destructuring.js#35:6<eval>:1:1 ES6 destructuring is not yet implemented
({ x, y }) = obj;
 ^
java.lang.RuntimeException: test/nashorn/script/basic/es6/destructuring.js#35:6<eval>:1:0 ES6 destructuring is not yet implemented
for (var { x, y } of obj) ;
^
java.lang.RuntimeException: test/nashorn/script/basic/es6/destructuring.js#35:6<eval>:1:0 ES6 destructuring is not yet implemented
for (let { x, y } of obj) ;
^
java.lang.RuntimeException: test/nashorn/script/basic/es6/destructuring.js#35:6<eval>:1:4 ES6 destructuring is not yet implemented
var [a, b] = obj;
    ^
java.lang.RuntimeException: test/nashorn/script/basic/es6/destructuring.js#35:6<eval>:1:4 ES6 destructuring is not yet implemented
let [a, b] = obj;
    ^
java.lang.RuntimeException: test/nashorn/script/basic/es6/destructuring.js#35:6<eval>:1:6 ES6 destructuring is not yet implemented
const [a, b] = obj;
      ^
java.lang.RuntimeException: test/nashorn/script/basic/es6/destructuring.js#35:6<eval>:1:0 ES6 destructuring is not yet implemented
[a, b] = obj;
^
java.lang.RuntimeException: test/nashorn/script/basic/es6/destructuring.js#35:6<eval>:1:0 ES6 destructuring is not yet implemented
for ([a, b] of obj) ;
^
java.lang.RuntimeException: test/nashorn/script/basic/es6/destructuring.js#35:6<eval>:1:0 ES6 destructuring is not yet implemented
for (var [a, b] of obj) ;
^
java.lang.RuntimeException: test/nashorn/script/basic/es6/destructuring.js#35:6<eval>:1:0 ES6 destructuring is not yet implemented
for (let [a, b] of obj) ;
^
java.lang.RuntimeException: test/nashorn/script/basic/es6/destructuring.js#35:6<eval>:1:9 ES6 destructuring is not yet implemented
(function({ x: y }) { return x; })()
         ^
java.lang.RuntimeException: test/nashorn/script/basic/es6/destructuring.js#35:6<eval>:1:9 ES6 destructuring is not yet implemented
(function({ x }) { return x; })()
         ^
java.lang.RuntimeException: test/nashorn/script/basic/es6/destructuring.js#35:6<eval>:1:9 ES6 destructuring is not yet implemented
(function([x]) { return x; })()
         ^
java.lang.RuntimeException: test/nashorn/script/basic/es6/destructuring.js#35:6<eval>:1:9 ES6 destructuring is not yet implemented
for (var [[x, y, z] = [4, 5, 6]] = [7, 8, 9]; iterCount < 1; ) ;
         ^
java.lang.RuntimeException: test/nashorn/script/basic/es6/destructuring.js#35:6<eval>:1:0 ES6 destructuring is not yet implemented
for ([ arrow = () => {} ] of [[]]) ;
^
java.lang.RuntimeException: test/nashorn/script/basic/es6/destructuring.js#35:6<eval>:1:25 ES6 destructuring is not yet implemented
try { throw null;} catch({}) { }
                         ^
java.lang.RuntimeException: test/nashorn/script/basic/es6/destructuring.js#35:6<eval>:1:24 ES6 destructuring is not yet implemented
try { throw {} } catch ({}) { }
                        ^
java.lang.RuntimeException: test/nashorn/script/basic/es6/destructuring.js#35:6<eval>:1:24 ES6 destructuring is not yet implemented
try { throw [] } catch ([,]) { }
                        ^
java.lang.RuntimeException: test/nashorn/script/basic/es6/destructuring.js#35:6<eval>:1:44 ES6 destructuring is not yet implemented
try { throw { w: [7, undefined, ] }} catch ({ w: [x, y, z] = [4, 5, 6] }) { }
                                            ^
java.lang.RuntimeException: test/nashorn/script/basic/es6/destructuring.js#35:6<eval>:1:35 ES6 destructuring is not yet implemented
try { throw { a: 2, b: 3} } catch ({a, b}) { }
                                   ^
java.lang.RuntimeException: test/nashorn/script/basic/es6/destructuring.js#35:6<eval>:1:28 ES6 destructuring is not yet implemented
try { throw [null] } catch ([[x]]) { }
                            ^
java.lang.RuntimeException: test/nashorn/script/basic/es6/destructuring.js#35:6<eval>:1:38 ES6 destructuring is not yet implemented
try { throw { w: undefined } } catch ({ w: { x, y, z } = { x: 4, y: 5, z: 6 } }) { }
                                      ^
