[
  {
    "condition": {
      "endPosition": "2",
      "kind": "IDENTIFIER",
      "name": "a",
      "startPosition": "1"
    },
    "endPosition": "9",
    "kind": "CONDITIONAL_EXPRESSION",
    "trueExpression": {
      "endPosition": "5",
      "kind": "IDENTIFIER",
      "name": "b",
      "startPosition": "4"
    },
    "falseExpression": {
      "endPosition": "9",
      "kind": "IDENTIFIER",
      "name": "c",
      "startPosition": "8"
    },
    "startPosition": "2"
  }
]
