[
  {
    "endPosition": "9",
    "kind": "REGEXP_LITERAL",
    "options": "i",
    "pattern": "[abc]",
    "startPosition": "1"
  },
  {
    "endPosition": "46",
    "kind": "REGEXP_LITERAL",
    "options": "ig",
    "pattern": "([^abc])*([a-z])+([^0-9])?(x|y)",
    "startPosition": "11"
  },
  {
    "endPosition": "72",
    "kind": "REGEXP_LITERAL",
    "options": "igm",
    "pattern": "^\\w\\W\\n\\f\\0$",
    "startPosition": "55"
  }
]
