[JavaClass java.io.File]
[JavaClass java.io.InputStream]
[JavaClass java.util.HashMap]
[JavaClass java.util.Map]
[JavaClass java.io.PrintStream]
[JavaClass java.util.Collections]
[JavaClass java.util.List]
[JavaClass java.util.Queue]
[JavaClass java.math.BigInteger]
[JavaClass java.math.BigDecimal]
