Error
	at <anonymous> (foo.js:2)
	at <program> (test/nashorn/script/basic/JDK-8032068.js:33)
Error: x
	at g (bar.js:1)
	at <program> (bar.js:2)
	at <program> (test/nashorn/script/basic/JDK-8032068.js:39)
Error
	at <anonymous> (foo2.js:2)
	at <program> (test/nashorn/script/basic/JDK-8032068.js:46)
Error: x
	at g (bar2.js:1)
	at <program> (bar2.js:2)
	at <program> (test/nashorn/script/basic/JDK-8032068.js:52)
