hello
hello
hello
TypeError:1:read property "foo" from undefined
TypeError:1:read property "foo" from undefined
TypeError:1:read property "foo" from undefined
TypeError:1:read property "foo" from undefined
TypeError:1:read property "foo" from undefined
TypeError:1:read property "foo" from undefined
